 uITron4Cfg

 Timestamp is 591ebee3 (Fri May 19 18:46:11 2017)

 Preferred load address is 00400000

 Start         Length     Name                   Class
 0001:00000000 000036e5H .text$mn                CODE
 0002:00000000 00000104H .CRT$XCA                DATA
 0002:00000104 00000104H .CRT$XCAA               DATA
 0002:00000208 00000104H .CRT$XCZ                DATA
 0002:0000030c 00000104H .CRT$XIA                DATA
 0002:00000410 00000104H .CRT$XIAA               DATA
 0002:00000514 00000104H .CRT$XIC                DATA
 0002:00000618 00000104H .CRT$XIY                DATA
 0002:0000071c 00000104H .CRT$XIZ                DATA
 0002:00000820 00001512H .rdata                  DATA
 0002:00001d34 00000199H .rdata$debug            DATA
 0002:00001ed0 00000104H .rdata$sxdata           DATA
 0002:00001fd4 00000104H .rtc$IAA                DATA
 0002:000020d8 00000109H .rtc$IMZ                DATA
 0002:000021e4 00000104H .rtc$IZZ                DATA
 0002:000022e8 00000104H .rtc$TAA                DATA
 0002:000023ec 00000109H .rtc$TMZ                DATA
 0002:000024f8 00000104H .rtc$TZZ                DATA
 0002:00002600 000001bbH .xdata$x                DATA
 0002:000027bb 00000000H .edata                  DATA
 0003:00000000 00000130H .data                   DATA
 0003:00000130 000003a9H .bss                    DATA
 0004:00000000 00000158H .idata$5                DATA
 0004:00000158 00000028H .idata$2                DATA
 0004:00000180 00000014H .idata$3                DATA
 0004:00000194 00000158H .idata$4                DATA
 0004:000002ec 00000526H .idata$6                DATA
 0005:00000000 00000169H .rsrc$01                DATA
 0005:00000170 000002ccH .rsrc$02                DATA

  Address         Publics by Value              Rva+Base       Lib:Object

 0000:00000000       ___guard_fids_table        00000000     <absolute>
 0000:00000000       ___guard_flags             00000000     <absolute>
 0000:00000000       ___guard_fids_count        00000000     <absolute>
 0000:00000001       ___safe_se_handler_count   00000001     <absolute>
 0000:00000000       ___ImageBase               00400000     <linker-defined>
 0001:00000030       _main                      00401030 f   cfg1_out.obj
 0001:00000060       _sil_dly_nse               00401060 f i cfg1_out.obj
 0001:00000090       _wmain                     00401090 f   uITron4Cfg.obj
 0001:000000c0       __RTC_InitBase             004010c0 f   MSVCRTD:init.obj
 0001:000000f0       __RTC_Shutdown             004010f0 f   MSVCRTD:init.obj
 0001:00000200       _NtCurrentTeb              00401200 f i MSVCRTD:crtexe.obj
 0001:000004e0       _mainCRTStartup            004014e0 f   MSVCRTD:crtexe.obj
 0001:000004f0       ?_RTC_GetErrorFunc@@YAP6AHHPBDH00ZZPBX@Z 004014f0 f   MSVCRTD:userapi.obj
 0001:00000500       ?_RTC_GetErrorFuncW@@YAP6AHHPB_WH00ZZPBX@Z 00401500 f   MSVCRTD:userapi.obj
 0001:00000510       __RTC_GetErrDesc           00401510 f   MSVCRTD:userapi.obj
 0001:00000530       __RTC_NumErrors            00401530 f   MSVCRTD:userapi.obj
 0001:00000540       __RTC_SetErrorFunc         00401540 f   MSVCRTD:userapi.obj
 0001:00000560       __RTC_SetErrorFuncW        00401560 f   MSVCRTD:userapi.obj
 0001:00000580       __RTC_SetErrorType         00401580 f   MSVCRTD:userapi.obj
 0001:000005a4       __CRT_RTC_INITW            004015a4 f   MSVCRTD:MSVCR120D.dll
 0001:000005b0       ?__CxxUnhandledExceptionFilter@@YGJPAU_EXCEPTION_POINTERS@@@Z 004015b0 f   MSVCRTD:unhandld.obj
 0001:00000620       ___CxxSetUnhandledExceptionFilter 00401620 f   MSVCRTD:unhandld.obj
 0001:00000634       __XcptFilter               00401634 f   MSVCRTD:MSVCR120D.dll
 0001:0000063a       __amsg_exit                0040163a f   MSVCRTD:MSVCR120D.dll
 0001:00000640       __setargv                  00401640 f   MSVCRTD:dllargv.obj
 0001:00000648       ___getmainargs             00401648 f   MSVCRTD:MSVCR120D.dll
 0001:0000064e       ___set_app_type            0040164e f   MSVCRTD:MSVCR120D.dll
 0001:00000654       __CrtDbgReportW            00401654 f   MSVCRTD:MSVCR120D.dll
 0001:0000065a       __CrtSetCheckCount         0040165a f   MSVCRTD:MSVCR120D.dll
 0001:00000660       __FindPESection            00401660 f   MSVCRTD:pesect.obj
 0001:000006e0       __IsNonwritableInCurrentImage 004016e0 f   MSVCRTD:pesect.obj
 0001:00000810       __ValidateImageBase        00401810 f   MSVCRTD:pesect.obj
 0001:0000086e       _exit                      0040186e f   MSVCRTD:MSVCR120D.dll
 0001:00000874       __exit                     00401874 f   MSVCRTD:MSVCR120D.dll
 0001:0000087a       __cexit                    0040187a f   MSVCRTD:MSVCR120D.dll
 0001:00000880       ___security_init_cookie    00401880 f   MSVCRTD:gs_support.obj
 0001:00000960       __matherr                  00401960 f   MSVCRTD:merr.obj
 0001:00000970       ___atonexitinit            00401970 f   MSVCRTD:atonexit.obj
 0001:00000a20       __onexit                   00401a20 f   MSVCRTD:atonexit.obj
 0001:00000b20       _atexit                    00401b20 f   MSVCRTD:atonexit.obj
 0001:00000b50       __RTC_Initialize           00401b50 f   MSVCRTD:initsect.obj
 0001:00000b80       __RTC_Terminate            00401b80 f   MSVCRTD:initsect.obj
 0001:00000ba6       __configthreadlocale       00401ba6 f   MSVCRTD:MSVCR120D.dll
 0001:00000bb0       __invoke_watson_if_error   00401bb0 f i MSVCRTD:fp8.obj
 0001:00000be0       __setdefaultprecision      00401be0 f   MSVCRTD:fp8.obj
 0001:00000c16       ___setusermatherr          00401c16 f   MSVCRTD:MSVCR120D.dll
 0001:00000c1c       __initterm_e               00401c1c f   MSVCRTD:MSVCR120D.dll
 0001:00000c22       __initterm                 00401c22 f   MSVCRTD:MSVCR120D.dll
 0001:00000c30       __except_handler4          00401c30 f   MSVCRTD:chandler4gs.obj
 0001:00000db0       ?_RTC_AllocaFailure@@YAXPAXPAU_RTC_ALLOCA_NODE@@H@Z 00401db0 f   MSVCRTD:error.obj
 0001:00000f30       ?_RTC_Failure@@YAXPAXH@Z   00401f30 f   MSVCRTD:error.obj
 0001:00000f80       ?_RTC_StackFailure@@YAXPAXPBD@Z 00401f80 f   MSVCRTD:error.obj
 0001:00001300       __RTC_UninitUse            00402300 f   MSVCRTD:error.obj
 0001:000013ee       ?terminate@@YAXXZ          004023ee f   MSVCRTD:MSVCR120D.dll
 0001:000013f4       ___crtSetUnhandledExceptionFilter 004023f4 f   MSVCRTD:MSVCR120D.dll
 0001:000013fa       __lock                     004023fa f   MSVCRTD:MSVCR120D.dll
 0001:00001400       __unlock                   00402400 f   MSVCRTD:MSVCR120D.dll
 0001:00001406       __calloc_dbg               00402406 f   MSVCRTD:MSVCR120D.dll
 0001:0000140c       ___dllonexit               0040240c f   MSVCRTD:MSVCR120D.dll
 0001:00001412       __invoke_watson            00402412 f   MSVCRTD:MSVCR120D.dll
 0001:00001418       __controlfp_s              00402418 f   MSVCRTD:MSVCR120D.dll
 0001:00001420       @__security_check_cookie@4 00402420 f   MSVCRTD:secchk.obj
 0001:00001430       __except_handler4_common   00402430 f   MSVCRTD:MSVCR120D.dll
 0001:00001880       ?_RTC_GetSrcLine@@YAHPAEPA_WKPAH1K@Z 00402880 f   MSVCRTD:pdblkup.obj
 0001:00001b30       ___raise_securityfailure   00402b30 f   MSVCRTD:gs_report.obj
 0001:00001b80       ___report_gsfailure        00402b80 f   MSVCRTD:gs_report.obj
 0001:00001c90       ___report_rangecheckfailure 00402c90 f   MSVCRTD:gs_report.obj
 0001:00001ca0       ___report_securityfailure  00402ca0 f   MSVCRTD:gs_report.obj
 0001:00001d80       ___report_securityfailureEx 00402d80 f   MSVCRTD:gs_report.obj
 0001:00001ea6       _wcscpy_s                  00402ea6 f   MSVCRTD:MSVCR120D.dll
 0001:00001eac       __wmakepath_s              00402eac f   MSVCRTD:MSVCR120D.dll
 0001:00001eb2       __wsplitpath_s             00402eb2 f   MSVCRTD:MSVCR120D.dll
 0001:00001eb8       __crt_debugger_hook        00402eb8 f   MSVCRTD:MSVCR120D.dll
 0001:00001ebe       ___crtUnhandledException   00402ebe f   MSVCRTD:MSVCR120D.dll
 0001:00001ec4       ___crtTerminateProcess     00402ec4 f   MSVCRTD:MSVCR120D.dll
 0001:00001eca       _EncodePointer@4           00402eca f   kernel32:KERNEL32.dll
 0001:00001ed0       _QueryPerformanceCounter@4 00402ed0 f   kernel32:KERNEL32.dll
 0001:00001ed6       _GetCurrentProcessId@0     00402ed6 f   kernel32:KERNEL32.dll
 0001:00001edc       _GetCurrentThreadId@0      00402edc f   kernel32:KERNEL32.dll
 0001:00001ee2       _GetSystemTimeAsFileTime@4 00402ee2 f   kernel32:KERNEL32.dll
 0001:00001ee8       _DecodePointer@4           00402ee8 f   kernel32:KERNEL32.dll
 0001:00001eee       _IsDebuggerPresent@0       00402eee f   kernel32:KERNEL32.dll
 0001:00001ef4       _RaiseException@16         00402ef4 f   kernel32:KERNEL32.dll
 0001:00001efa       _GetLastError@0            00402efa f   kernel32:KERNEL32.dll
 0001:00001f00       _GetProcAddress@8          00402f00 f   kernel32:KERNEL32.dll
 0001:00001f06       _LoadLibraryExW@12         00402f06 f   kernel32:KERNEL32.dll
 0001:00001f0c       _MultiByteToWideChar@24    00402f0c f   kernel32:KERNEL32.dll
 0001:00001f12       _WideCharToMultiByte@32    00402f12 f   kernel32:KERNEL32.dll
 0001:00001f18       _HeapAlloc@12              00402f18 f   kernel32:KERNEL32.dll
 0001:00001f1e       _HeapFree@12               00402f1e f   kernel32:KERNEL32.dll
 0001:00001f24       _GetProcessHeap@0          00402f24 f   kernel32:KERNEL32.dll
 0001:00001f2a       _VirtualQuery@12           00402f2a f   kernel32:KERNEL32.dll
 0001:00001f30       _FreeLibrary@4             00402f30 f   kernel32:KERNEL32.dll
 0001:00001f36       _GetModuleFileNameW@12     00402f36 f   kernel32:KERNEL32.dll
 0001:00001f3c       _GetModuleHandleW@4        00402f3c f   kernel32:KERNEL32.dll
 0001:00001f42       _IsProcessorFeaturePresent@4 00402f42 f   kernel32:KERNEL32.dll
 0002:00000000       ___xc_a                    00405000     MSVCRTD:cinitexe.obj
 0002:00000208       ___xc_z                    00405208     MSVCRTD:cinitexe.obj
 0002:0000030c       ___xi_a                    0040530c     MSVCRTD:cinitexe.obj
 0002:0000071c       ___xi_z                    0040571c     MSVCRTD:cinitexe.obj
 0002:00000858       _TOPPERS_cfg_magic_number  00405858     cfg1_out.obj
 0002:0000085c       _TOPPERS_cfg_sizeof_signed_t 0040585c     cfg1_out.obj
 0002:00000860       _TOPPERS_cfg_sizeof_pointer 00405860     cfg1_out.obj
 0002:00000868       _TOPPERS_cfg_CHAR_BIT      00405868     cfg1_out.obj
 0002:00000870       _TOPPERS_cfg_CHAR_MAX      00405870     cfg1_out.obj
 0002:00000878       _TOPPERS_cfg_CHAR_MIN      00405878     cfg1_out.obj
 0002:00000880       _TOPPERS_cfg_SCHAR_MAX     00405880     cfg1_out.obj
 0002:00000888       _TOPPERS_cfg_SHRT_MAX      00405888     cfg1_out.obj
 0002:00000890       _TOPPERS_cfg_INT_MAX       00405890     cfg1_out.obj
 0002:00000898       _TOPPERS_cfg_LONG_MAX      00405898     cfg1_out.obj
 0002:000008a0       _TOPPERS_cfg_SIL_ENDIAN_BIG 004058a0     cfg1_out.obj
 0002:000008a8       _TOPPERS_cfg_SIL_ENDIAN_LITTLE 004058a8     cfg1_out.obj
 0002:000008b0       _TOPPERS_cfg_TA_NULL       004058b0     cfg1_out.obj
 0002:000008b8       _TOPPERS_cfg_TA_ACT        004058b8     cfg1_out.obj
 0002:000008c0       _TOPPERS_cfg_TA_TPRI       004058c0     cfg1_out.obj
 0002:000008c8       _TOPPERS_cfg_TA_MPRI       004058c8     cfg1_out.obj
 0002:000008d0       _TOPPERS_cfg_TA_WMUL       004058d0     cfg1_out.obj
 0002:000008d8       _TOPPERS_cfg_TA_CLR        004058d8     cfg1_out.obj
 0002:000008e0       _TOPPERS_cfg_TA_STA        004058e0     cfg1_out.obj
 0002:000008e8       _TOPPERS_cfg_TA_NONKERNEL  004058e8     cfg1_out.obj
 0002:000008f0       _TOPPERS_cfg_TA_ENAINT     004058f0     cfg1_out.obj
 0002:000008f8       _TOPPERS_cfg_TA_EDGE       004058f8     cfg1_out.obj
 0002:00000900       _TOPPERS_cfg_TMIN_TPRI     00405900     cfg1_out.obj
 0002:00000908       _TOPPERS_cfg_TMAX_TPRI     00405908     cfg1_out.obj
 0002:00000910       _TOPPERS_cfg_TMIN_DPRI     00405910     cfg1_out.obj
 0002:00000918       _TOPPERS_cfg_TMAX_DPRI     00405918     cfg1_out.obj
 0002:00000920       _TOPPERS_cfg_TMIN_MPRI     00405920     cfg1_out.obj
 0002:00000928       _TOPPERS_cfg_TMAX_MPRI     00405928     cfg1_out.obj
 0002:00000930       _TOPPERS_cfg_TMIN_ISRPRI   00405930     cfg1_out.obj
 0002:00000938       _TOPPERS_cfg_TMAX_ISRPRI   00405938     cfg1_out.obj
 0002:00000940       _TOPPERS_cfg_TBIT_TEXPTN   00405940     cfg1_out.obj
 0002:00000948       _TOPPERS_cfg_TBIT_FLGPTN   00405948     cfg1_out.obj
 0002:00000950       _TOPPERS_cfg_TMAX_MAXSEM   00405950     cfg1_out.obj
 0002:00000958       _TOPPERS_cfg_TMAX_RELTIM   00405958     cfg1_out.obj
 0002:00000960       _TOPPERS_cfg_TMIN_INTPRI   00405960     cfg1_out.obj
 0002:00000968       _TOPPERS_cfg_OMIT_INITIALIZE_INTERRUPT 00405968     cfg1_out.obj
 0002:00000970       _TOPPERS_cfg_OMIT_INITIALIZE_EXCEPTION 00405970     cfg1_out.obj
 0002:00000978       _TOPPERS_cfg_USE_TSKINICTXB 00405978     cfg1_out.obj
 0002:00000980       _TOPPERS_cfg_TARGET_TSKATR 00405980     cfg1_out.obj
 0002:00000988       _TOPPERS_cfg_TARGET_INTATR 00405988     cfg1_out.obj
 0002:00000990       _TOPPERS_cfg_TARGET_INHATR 00405990     cfg1_out.obj
 0002:00000998       _TOPPERS_cfg_TARGET_ISRATR 00405998     cfg1_out.obj
 0002:000009a0       _TOPPERS_cfg_TARGET_EXCATR 004059a0     cfg1_out.obj
 0002:000009a8       _TOPPERS_cfg_TARGET_MIN_STKSZ 004059a8     cfg1_out.obj
 0002:000009b0       _TOPPERS_cfg_TARGET_MIN_ISTKSZ 004059b0     cfg1_out.obj
 0002:000009b8       _TOPPERS_cfg_CHECK_STKSZ_ALIGN 004059b8     cfg1_out.obj
 0002:000009c0       _TOPPERS_cfg_CHECK_FUNC_ALIGN 004059c0     cfg1_out.obj
 0002:000009c8       _TOPPERS_cfg_CHECK_FUNC_NONNULL 004059c8     cfg1_out.obj
 0002:000009d0       _TOPPERS_cfg_CHECK_STACK_ALIGN 004059d0     cfg1_out.obj
 0002:000009d8       _TOPPERS_cfg_CHECK_STACK_NONNULL 004059d8     cfg1_out.obj
 0002:000009e0       _TOPPERS_cfg_CHECK_MPF_ALIGN 004059e0     cfg1_out.obj
 0002:000009e8       _TOPPERS_cfg_CHECK_MPF_NONNULL 004059e8     cfg1_out.obj
 0002:000009f0       _TOPPERS_cfg_sizeof_ID     004059f0     cfg1_out.obj
 0002:000009f8       _TOPPERS_cfg_sizeof_uint_t 004059f8     cfg1_out.obj
 0002:00000a00       _TOPPERS_cfg_sizeof_SIZE   00405a00     cfg1_out.obj
 0002:00000a08       _TOPPERS_cfg_sizeof_ATR    00405a08     cfg1_out.obj
 0002:00000a10       _TOPPERS_cfg_sizeof_PRI    00405a10     cfg1_out.obj
 0002:00000a18       _TOPPERS_cfg_sizeof_void_ptr 00405a18     cfg1_out.obj
 0002:00000a20       _TOPPERS_cfg_sizeof_VP     00405a20     cfg1_out.obj
 0002:00000a28       _TOPPERS_cfg_sizeof_intptr_t 00405a28     cfg1_out.obj
 0002:00000a30       _TOPPERS_cfg_sizeof_FP     00405a30     cfg1_out.obj
 0002:00000a38       _TOPPERS_cfg_sizeof_INHNO  00405a38     cfg1_out.obj
 0002:00000a40       _TOPPERS_cfg_sizeof_INTNO  00405a40     cfg1_out.obj
 0002:00000a48       _TOPPERS_cfg_sizeof_EXCNO  00405a48     cfg1_out.obj
 0002:00000a50       _TOPPERS_cfg_sizeof_TINIB  00405a50     cfg1_out.obj
 0002:00000a58       _TOPPERS_cfg_offsetof_TINIB_tskatr 00405a58     cfg1_out.obj
 0002:00000a60       _TOPPERS_cfg_offsetof_TINIB_exinf 00405a60     cfg1_out.obj
 0002:00000a68       _TOPPERS_cfg_offsetof_TINIB_task 00405a68     cfg1_out.obj
 0002:00000a70       _TOPPERS_cfg_offsetof_TINIB_ipriority 00405a70     cfg1_out.obj
 0002:00000a78       _TOPPERS_cfg_offsetof_TINIB_stksz 00405a78     cfg1_out.obj
 0002:00000a80       _TOPPERS_cfg_offsetof_TINIB_stk 00405a80     cfg1_out.obj
 0002:00000a88       _TOPPERS_cfg_offsetof_TINIB_texatr 00405a88     cfg1_out.obj
 0002:00000a90       _TOPPERS_cfg_offsetof_TINIB_texrtn 00405a90     cfg1_out.obj
 0002:00000a98       _TOPPERS_cfg_sizeof_SEMINIB 00405a98     cfg1_out.obj
 0002:00000aa0       _TOPPERS_cfg_offsetof_SEMINIB_sematr 00405aa0     cfg1_out.obj
 0002:00000aa8       _TOPPERS_cfg_offsetof_SEMINIB_isemcnt 00405aa8     cfg1_out.obj
 0002:00000ab0       _TOPPERS_cfg_offsetof_SEMINIB_maxsem 00405ab0     cfg1_out.obj
 0002:00000ab8       _TOPPERS_cfg_sizeof_FLGPTN 00405ab8     cfg1_out.obj
 0002:00000ac0       _TOPPERS_cfg_sizeof_FLGINIB 00405ac0     cfg1_out.obj
 0002:00000ac8       _TOPPERS_cfg_offsetof_FLGINIB_flgatr 00405ac8     cfg1_out.obj
 0002:00000ad0       _TOPPERS_cfg_offsetof_FLGINIB_iflgptn 00405ad0     cfg1_out.obj
 0002:00000ad8       _TOPPERS_cfg_sizeof_DTQINIB 00405ad8     cfg1_out.obj
 0002:00000ae0       _TOPPERS_cfg_offsetof_DTQINIB_dtqatr 00405ae0     cfg1_out.obj
 0002:00000ae8       _TOPPERS_cfg_offsetof_DTQINIB_dtqcnt 00405ae8     cfg1_out.obj
 0002:00000af0       _TOPPERS_cfg_offsetof_DTQINIB_p_dtqmb 00405af0     cfg1_out.obj
 0002:00000af8       _TOPPERS_cfg_sizeof_PDQINIB 00405af8     cfg1_out.obj
 0002:00000b00       _TOPPERS_cfg_offsetof_PDQINIB_pdqatr 00405b00     cfg1_out.obj
 0002:00000b08       _TOPPERS_cfg_offsetof_PDQINIB_pdqcnt 00405b08     cfg1_out.obj
 0002:00000b10       _TOPPERS_cfg_offsetof_PDQINIB_maxdpri 00405b10     cfg1_out.obj
 0002:00000b18       _TOPPERS_cfg_offsetof_PDQINIB_p_pdqmb 00405b18     cfg1_out.obj
 0002:00000b20       _TOPPERS_cfg_sizeof_MBXINIB 00405b20     cfg1_out.obj
 0002:00000b28       _TOPPERS_cfg_offsetof_MBXINIB_mbxatr 00405b28     cfg1_out.obj
 0002:00000b30       _TOPPERS_cfg_offsetof_MBXINIB_maxmpri 00405b30     cfg1_out.obj
 0002:00000b38       _TOPPERS_cfg_sizeof_MPFINIB 00405b38     cfg1_out.obj
 0002:00000b40       _TOPPERS_cfg_offsetof_MPFINIB_mpfatr 00405b40     cfg1_out.obj
 0002:00000b48       _TOPPERS_cfg_offsetof_MPFINIB_blkcnt 00405b48     cfg1_out.obj
 0002:00000b50       _TOPPERS_cfg_offsetof_MPFINIB_blksz 00405b50     cfg1_out.obj
 0002:00000b58       _TOPPERS_cfg_offsetof_MPFINIB_mpf 00405b58     cfg1_out.obj
 0002:00000b60       _TOPPERS_cfg_offsetof_MPFINIB_p_mpfmb 00405b60     cfg1_out.obj
 0002:00000b68       _TOPPERS_cfg_sizeof_CYCINIB 00405b68     cfg1_out.obj
 0002:00000b70       _TOPPERS_cfg_offsetof_CYCINIB_cycatr 00405b70     cfg1_out.obj
 0002:00000b78       _TOPPERS_cfg_offsetof_CYCINIB_exinf 00405b78     cfg1_out.obj
 0002:00000b80       _TOPPERS_cfg_offsetof_CYCINIB_cychdr 00405b80     cfg1_out.obj
 0002:00000b88       _TOPPERS_cfg_offsetof_CYCINIB_cyctim 00405b88     cfg1_out.obj
 0002:00000b90       _TOPPERS_cfg_offsetof_CYCINIB_cycphs 00405b90     cfg1_out.obj
 0002:00000b98       _TOPPERS_cfg_sizeof_ALMINIB 00405b98     cfg1_out.obj
 0002:00000ba0       _TOPPERS_cfg_offsetof_ALMINIB_almatr 00405ba0     cfg1_out.obj
 0002:00000ba8       _TOPPERS_cfg_offsetof_ALMINIB_exinf 00405ba8     cfg1_out.obj
 0002:00000bb0       _TOPPERS_cfg_offsetof_ALMINIB_almhdr 00405bb0     cfg1_out.obj
 0002:00000bb8       _TOPPERS_cfg_sizeof_INHINIB 00405bb8     cfg1_out.obj
 0002:00000bc0       _TOPPERS_cfg_offset_INHINIB_inhno 00405bc0     cfg1_out.obj
 0002:00000bc8       _TOPPERS_cfg_offset_INHINIB_inhatr 00405bc8     cfg1_out.obj
 0002:00000bd0       _TOPPERS_cfg_offset_INHINIB_int_entry 00405bd0     cfg1_out.obj
 0002:00000bd8       _TOPPERS_cfg_sizeof_INTINIB 00405bd8     cfg1_out.obj
 0002:00000be0       _TOPPERS_cfg_offset_INTINIB_intno 00405be0     cfg1_out.obj
 0002:00000be8       _TOPPERS_cfg_offset_INTINIB_intatr 00405be8     cfg1_out.obj
 0002:00000bf0       _TOPPERS_cfg_offset_INTINIB_intpri 00405bf0     cfg1_out.obj
 0002:00000bf8       _TOPPERS_cfg_sizeof_EXCINIB 00405bf8     cfg1_out.obj
 0002:00000c00       _TOPPERS_cfg_offset_EXCINIB_excno 00405c00     cfg1_out.obj
 0002:00000c08       _TOPPERS_cfg_offset_EXCINIB_excatr 00405c08     cfg1_out.obj
 0002:00000c10       _TOPPERS_cfg_offset_EXCINIB_exc_entry 00405c10     cfg1_out.obj
 0002:00000c18       _TOPPERS_cfg_SIGINT        00405c18     cfg1_out.obj
 0002:00000c20       _TOPPERS_cfg_SIGTERM       00405c20     cfg1_out.obj
 0002:00000c28       _TOPPERS_cfg_SIGSEGV       00405c28     cfg1_out.obj
 0002:00000c30       _TOPPERS_cfg_static_api_0  00405c30     cfg1_out.obj
 0002:00000c38       _TOPPERS_cfg_valueof_iniatr_0 00405c38     cfg1_out.obj
 0002:00000c40       _TOPPERS_cfg_static_api_1  00405c40     cfg1_out.obj
 0002:00000c48       _TOPPERS_cfg_valueof_teratr_1 00405c48     cfg1_out.obj
 0002:00000c50       _TOPPERS_cfg_static_api_2  00405c50     cfg1_out.obj
 0002:00000c58       _TOPPERS_cfg_valueof_intno_2 00405c58     cfg1_out.obj
 0002:00000c60       _TOPPERS_cfg_valueof_intatr_2 00405c60     cfg1_out.obj
 0002:00000c68       _TOPPERS_cfg_valueof_intpri_2 00405c68     cfg1_out.obj
 0002:00000c70       _TOPPERS_cfg_static_api_3  00405c70     cfg1_out.obj
 0002:00000c78       _TOPPERS_cfg_valueof_inhno_3 00405c78     cfg1_out.obj
 0002:00000c80       _TOPPERS_cfg_valueof_inhatr_3 00405c80     cfg1_out.obj
 0002:00000c88       _TOPPERS_cfg_static_api_6  00405c88     cfg1_out.obj
 0002:00000c90       _TOPPERS_cfg_valueof_intno_6 00405c90     cfg1_out.obj
 0002:00000c98       _TOPPERS_cfg_valueof_intatr_6 00405c98     cfg1_out.obj
 0002:00000ca0       _TOPPERS_cfg_valueof_intpri_6 00405ca0     cfg1_out.obj
 0002:00000ca8       _TOPPERS_cfg_static_api_7  00405ca8     cfg1_out.obj
 0002:00000cb0       _TOPPERS_cfg_valueof_iniatr_7 00405cb0     cfg1_out.obj
 0002:00000cb8       _TOPPERS_cfg_static_api_8  00405cb8     cfg1_out.obj
 0002:00000cc0       _TOPPERS_cfg_valueof_teratr_8 00405cc0     cfg1_out.obj
 0002:00000cc8       _TOPPERS_cfg_static_api_9  00405cc8     cfg1_out.obj
 0002:00000cd0       _TOPPERS_cfg_valueof_isratr_9 00405cd0     cfg1_out.obj
 0002:00000cd8       _TOPPERS_cfg_valueof_intno_9 00405cd8     cfg1_out.obj
 0002:00000ce0       _TOPPERS_cfg_valueof_isrpri_9 00405ce0     cfg1_out.obj
 0002:00000ce8       _TOPPERS_cfg_static_api_10 00405ce8     cfg1_out.obj
 0002:00000cf0       _TOPPERS_cfg_valueof_iniatr_10 00405cf0     cfg1_out.obj
 0002:00000cf8       _TOPPERS_cfg_static_api_11 00405cf8     cfg1_out.obj
 0002:00000d00       _TOPPERS_cfg_valueof_sematr_11 00405d00     cfg1_out.obj
 0002:00000d08       _TOPPERS_cfg_valueof_isemcnt_11 00405d08     cfg1_out.obj
 0002:00000d10       _TOPPERS_cfg_valueof_maxsem_11 00405d10     cfg1_out.obj
 0002:00000d18       _TOPPERS_cfg_static_api_12 00405d18     cfg1_out.obj
 0002:00000d20       _TOPPERS_cfg_valueof_sematr_12 00405d20     cfg1_out.obj
 0002:00000d28       _TOPPERS_cfg_valueof_isemcnt_12 00405d28     cfg1_out.obj
 0002:00000d30       _TOPPERS_cfg_valueof_maxsem_12 00405d30     cfg1_out.obj
 0002:00000d38       _TOPPERS_cfg_static_api_19 00405d38     cfg1_out.obj
 0002:00000d40       _TOPPERS_cfg_valueof_iniatr_19 00405d40     cfg1_out.obj
 0002:00000d48       _TOPPERS_cfg_static_api_20 00405d48     cfg1_out.obj
 0002:00000d50       _TOPPERS_cfg_valueof_teratr_20 00405d50     cfg1_out.obj
 0002:00000d58       _TOPPERS_cfg_static_api_21 00405d58     cfg1_out.obj
 0002:00000d60       _TOPPERS_cfg_valueof_tskatr_21 00405d60     cfg1_out.obj
 0002:00000d68       _TOPPERS_cfg_valueof_itskpri_21 00405d68     cfg1_out.obj
 0002:00000d70       _TOPPERS_cfg_valueof_stksz_21 00405d70     cfg1_out.obj
 0002:00000e80       ??_C@_1FA@DALEHHGL@?$AA_?$AA_?$AAn?$AAa?$AAt?$AAi?$AAv?$AAe?$AA_?$AAs?$AAt?$AAa?$AAr?$AAt?$AAu?$AAp?$AA_?$AAs?$AAt?$AAa?$AAt?$AAe?$AA?5?$AA?$DN?$AA?$DN?$AA?5?$AA_?$AA_?$AAi?$AAn?$AAi?$AAt@ 00405e80     MSVCRTD:crtexe.obj
 0002:00000ed0       ??_C@_15GANGMFKL@?$AA?$CF?$AAs?$AA?$AA@ 00405ed0     MSVCRTD:crtexe.obj
 0002:00000ed8       ??_C@_1FG@DKNDLLJO@?$AAf?$AA?3?$AA?2?$AAd?$AAd?$AA?2?$AAv?$AAc?$AAt?$AAo?$AAo?$AAl?$AAs?$AA?2?$AAc?$AAr?$AAt?$AA?2?$AAc?$AAr?$AAt?$AAw?$AA3?$AA2?$AA?2?$AAd?$AAl?$AAl?$AAs?$AAt?$AAu?$AAf@ 00405ed8     MSVCRTD:crtexe.obj
 0002:00000f44       ??_C@_0BJ@HEGAHDFO@Stack?5pointer?5corruption?$AA@ 00405f44     MSVCRTD:userapi.obj
 0002:00000f60       ??_C@_0CK@FEGOIOPB@Cast?5to?5smaller?5type?5causing?5los@ 00405f60     MSVCRTD:userapi.obj
 0002:00000f8c       ??_C@_0BI@CIGMDCBH@Stack?5memory?5corruption?$AA@ 00405f8c     MSVCRTD:userapi.obj
 0002:00000fa4       ??_C@_0CK@CNLNOEPB@Local?5variable?5used?5before?5initi@ 00405fa4     MSVCRTD:userapi.obj
 0002:00000fd0       ??_C@_0BP@OGBCLIBO@Stack?5around?5_alloca?5corrupted?$AA@ 00405fd0     MSVCRTD:userapi.obj
 0002:00000ff0       ?ProcessDetach@NativeDll@<CrtImplementationDetails>@@0IB 00405ff0     MSVCRTD:unhandld.obj
 0002:00000ff4       ?ProcessAttach@NativeDll@<CrtImplementationDetails>@@0IB 00405ff4     MSVCRTD:unhandld.obj
 0002:00000ff8       ?ThreadAttach@NativeDll@<CrtImplementationDetails>@@0IB 00405ff8     MSVCRTD:unhandld.obj
 0002:00000ffc       ?ThreadDetach@NativeDll@<CrtImplementationDetails>@@0IB 00405ffc     MSVCRTD:unhandld.obj
 0002:00001000       ?ProcessVerifier@NativeDll@<CrtImplementationDetails>@@0IB 00406000     MSVCRTD:unhandld.obj
 0002:00001008       ??_C@_1MC@KPMPFEII@?$AA?$CI?$AA_?$AA_?$AAo?$AAn?$AAe?$AAx?$AAi?$AAt?$AAb?$AAe?$AAg?$AAi?$AAn?$AA?5?$AA?$CB?$AA?$DN?$AA?5?$AAN?$AAU?$AAL?$AAL?$AA?5?$AA?$CG?$AA?$CG?$AA?5?$AA_?$AA_?$AAo?$AAn?$AAe?$AAx@ 00406008     MSVCRTD:atonexit.obj
 0002:000010d0       ??_C@_1FK@IGIDCAPD@?$AAf?$AA?3?$AA?2?$AAd?$AAd?$AA?2?$AAv?$AAc?$AAt?$AAo?$AAo?$AAl?$AAs?$AA?2?$AAc?$AAr?$AAt?$AA?2?$AAc?$AAr?$AAt?$AAw?$AA3?$AA2?$AA?2?$AAd?$AAl?$AAl?$AAs?$AAt?$AAu?$AAf@ 004060d0     MSVCRTD:atonexit.obj
 0002:0000112c       ??_C@_0CN@LMJJPMEG@f?3?2dd?2vctools?2crt?2crtw32?2dllstuf@ 0040612c     MSVCRTD:atonexit.obj
 0002:00001160       ??_C@_1FI@JJOJLGLE@?$AAf?$AA?3?$AA?2?$AAd?$AAd?$AA?2?$AAv?$AAc?$AAt?$AAo?$AAo?$AAl?$AAs?$AA?2?$AAc?$AAr?$AAt?$AA?2?$AAc?$AAr?$AAt?$AAw?$AA3?$AA2?$AA?2?$AAs?$AAt?$AAa?$AAr?$AAt?$AAu?$AAp@ 00406160     MSVCRTD:fp8.obj
 0002:000011b8       ??_C@_1CK@JMKHCBEI@?$AA_?$AAs?$AAe?$AAt?$AAd?$AAe?$AAf?$AAa?$AAu?$AAl?$AAt?$AAp?$AAr?$AAe?$AAc?$AAi?$AAs?$AAi?$AAo?$AAn?$AA?$AA@ 004061b8     MSVCRTD:fp8.obj
 0002:000011e8       ??_C@_1GE@KOCFNGPB@?$AA_?$AAc?$AAo?$AAn?$AAt?$AAr?$AAo?$AAl?$AAf?$AAp?$AA_?$AAs?$AA?$CI?$AA?$CI?$AA?$CI?$AAv?$AAo?$AAi?$AAd?$AA?5?$AA?$CK?$AA?$CJ?$AA0?$AA?$CJ?$AA?0?$AA?5?$AA0?$AAx?$AA0?$AA0?$AA0?$AA1@ 004061e8     MSVCRTD:fp8.obj
 0002:000012e8       ??_C@_0NN@NGPKDKPD@The?5value?5of?5ESP?5was?5not?5properl@ 004062e8     MSVCRTD:error.obj
 0002:000013c8       ??_C@_0BBN@GPMLNJCF@A?5cast?5to?5a?5smaller?5data?5type?5ha@ 004063c8     MSVCRTD:error.obj
 0002:000014e8       ??_C@_0BN@FFOINMNJ@Stack?5memory?5was?5corrupted?6?$AN?$AA@ 004064e8     MSVCRTD:error.obj
 0002:00001508       ??_C@_0DG@HKJMLLLP@A?5local?5variable?5was?5used?5before@ 00406508     MSVCRTD:error.obj
 0002:00001540       ??_C@_0CM@NGINOKPC@Stack?5memory?5around?5_alloca?5was?5@ 00406540     MSVCRTD:error.obj
 0002:0000156c       ??_C@_0BO@GNIAFIKK@Unknown?5Runtime?5Check?5Error?6?$AN?$AA@ 0040656c     MSVCRTD:error.obj
 0002:00001590       ??_C@_1GM@OLMCBDMB@?$AAR?$AAu?$AAn?$AAt?$AAi?$AAm?$AAe?$AA?5?$AAC?$AAh?$AAe?$AAc?$AAk?$AA?5?$AAE?$AAr?$AAr?$AAo?$AAr?$AA?4?$AA?6?$AA?$AN?$AA?5?$AAU?$AAn?$AAa?$AAb?$AAl?$AAe?$AA?5?$AAt?$AAo@ 00406590     MSVCRTD:error.obj
 0002:00001600       ??_C@_1EA@NFKNIFJP@?$AAR?$AAu?$AAn?$AA?9?$AAT?$AAi?$AAm?$AAe?$AA?5?$AAC?$AAh?$AAe?$AAc?$AAk?$AA?5?$AAF?$AAa?$AAi?$AAl?$AAu?$AAr?$AAe?$AA?5?$AA?$CD?$AA?$CF?$AAd?$AA?5?$AA?9?$AA?5?$AA?$CF?$AAs?$AA?$AA@ 00406600     MSVCRTD:error.obj
 0002:00001640       ??_C@_0BB@PFFGGCJP@Unknown?5Filename?$AA@ 00406640     MSVCRTD:error.obj
 0002:00001654       ??_C@_0BE@GNBOBNCK@Unknown?5Module?5Name?$AA@ 00406654     MSVCRTD:error.obj
 0002:00001668       ??_C@_0CA@IODNCDPG@Run?9Time?5Check?5Failure?5?$CD?$CFd?5?9?5?$CFs?$AA@ 00406668     MSVCRTD:error.obj
 0002:00001688       ??_C@_0CG@IAFNJNEE@Stack?5corrupted?5near?5unknown?5var@ 00406688     MSVCRTD:error.obj
 0002:000016b0       ??_C@_05MKKEDADM@?$CF?42X?5?$AA@ 004066b0     MSVCRTD:error.obj
 0002:000016b8       ??_C@_1BG@OILDLIOJ@?$AAu?$AAs?$AAe?$AAr?$AA3?$AA2?$AA?4?$AAd?$AAl?$AAl?$AA?$AA@ 004066b8     MSVCRTD:error.obj
 0002:000016d0       ??_C@_09FOPFMPEJ@wsprintfA?$AA@ 004066d0     MSVCRTD:error.obj
 0002:000016e0       ??_C@_0EJ@LJKNEOLN@Stack?5area?5around?5_alloca?5memory@ 004066e0     MSVCRTD:error.obj
 0002:0000172c       ??_C@_08OMAHNMHJ@?6Data?3?5?$DM?$AA@ 0040672c     MSVCRTD:error.obj
 0002:00001738       ??_C@_0CK@DKGBICFE@?6Allocation?5number?5within?5this?5f@ 00406738     MSVCRTD:error.obj
 0002:00001764       ??_C@_07DFDJCKFN@?6Size?3?5?$AA@ 00406764     MSVCRTD:error.obj
 0002:0000176c       ??_C@_0N@MHFFIMFG@?6Address?3?50x?$AA@ 0040676c     MSVCRTD:error.obj
 0002:00001780       ??_C@_0EI@CLEPFNGI@Stack?5area?5around?5_alloca?5memory@ 00406780     MSVCRTD:error.obj
 0002:000017c8       ??_C@_0BC@KIBAILCI@?$CFs?$CFs?$CFp?$CFs?$CFld?$CFs?$CFd?$CFs?$AA@ 004067c8     MSVCRTD:error.obj
 0002:000017dc       ??_C@_01EEMJAFIK@?6?$AA@   004067dc     MSVCRTD:error.obj
 0002:000017e0       ??_C@_02LLMPMKNF@?$DO?5?$AA@ 004067e0     MSVCRTD:error.obj
 0002:000017e4       ??_C@_08KJEDNCKC@?$CFs?$CFs?$CFs?$CFs?$AA@ 004067e4     MSVCRTD:error.obj
 0002:000017f0       ??_C@_0DE@OHJBPMBP@A?5variable?5is?5being?5used?5without@ 004067f0     MSVCRTD:error.obj
 0002:00001824       ?LocalIdBitWidth@CrossScopeId@CodeViewInfo@@2IB 00406824     MSVCRTD:pdblkup.obj
 0002:00001828       ?IdScopeBitWidth@CrossScopeId@CodeViewInfo@@2IB 00406828     MSVCRTD:pdblkup.obj
 0002:0000182c       ?StartCrossScopeId@CrossScopeId@CodeViewInfo@@2IB 0040682c     MSVCRTD:pdblkup.obj
 0002:00001830       ?LocalIdMask@CrossScopeId@CodeViewInfo@@2IB 00406830     MSVCRTD:pdblkup.obj
 0002:00001834       ?ScopeIdMask@CrossScopeId@CodeViewInfo@@2IB 00406834     MSVCRTD:pdblkup.obj
 0002:00001838       ?MaxLocalId@CrossScopeId@CodeViewInfo@@2IB 00406838     MSVCRTD:pdblkup.obj
 0002:0000183c       ?MaxScopeId@CrossScopeId@CodeViewInfo@@2IB 0040683c     MSVCRTD:pdblkup.obj
 0002:00001880       ??_C@_1BK@GAEMIDIL@?$AAA?$AAD?$AAV?$AAA?$AAP?$AAI?$AA3?$AA2?$AA?4?$AAD?$AAL?$AAL?$AA?$AA@ 00406880     MSVCRTD:pdblkup.obj
 0002:0000189c       ??_C@_0O@COHOBMLB@RegOpenKeyExW?$AA@ 0040689c     MSVCRTD:pdblkup.obj
 0002:000018ac       ??_C@_0BB@GLNAEDBD@RegQueryValueExW?$AA@ 004068ac     MSVCRTD:pdblkup.obj
 0002:000018c0       ??_C@_0M@HLOHPNFA@RegCloseKey?$AA@ 004068c0     MSVCRTD:pdblkup.obj
 0002:000018d0       ??_C@_1FM@EGIBBNPP@?$AAS?$AAO?$AAF?$AAT?$AAW?$AAA?$AAR?$AAE?$AA?2?$AAM?$AAi?$AAc?$AAr?$AAo?$AAs?$AAo?$AAf?$AAt?$AA?2?$AAV?$AAi?$AAs?$AAu?$AAa?$AAl?$AAS?$AAt?$AAu?$AAd?$AAi?$AAo?$AA?2@ 004068d0     MSVCRTD:pdblkup.obj
 0002:0000192c       ??_C@_1BG@EABPBLLF@?$AAP?$AAr?$AAo?$AAd?$AAu?$AAc?$AAt?$AAD?$AAi?$AAr?$AA?$AA@ 0040692c     MSVCRTD:pdblkup.obj
 0002:00001960       ??_C@_1BC@EOIMGOME@?$AAM?$AAS?$AAP?$AAD?$AAB?$AA1?$AA2?$AA0?$AA?$AA@ 00406960     MSVCRTD:pdblkup.obj
 0002:00001974       ??_C@_0BB@KCIACLNC@PDBOpenValidate5?$AA@ 00406974     MSVCRTD:pdblkup.obj
 0002:00001988       ??_C@_01KDCPPGHE@r?$AA@    00406988     MSVCRTD:pdblkup.obj
 0002:00001998       __load_config_used         00406998     MSVCRTD:loadcfg.obj
 0002:00001ed0       ___safe_se_handler_table   00406ed0     <linker-defined>
 0002:00001fd4       ___rtc_iaa                 00406fd4     MSVCRTD:initsect.obj
 0002:000021e4       ___rtc_izz                 004071e4     MSVCRTD:initsect.obj
 0002:000022e8       ___rtc_taa                 004072e8     MSVCRTD:initsect.obj
 0002:000024f8       ___rtc_tzz                 004074f8     MSVCRTD:initsect.obj
 0003:00000000       ___defaultmatherr          00408000     MSVCRTD:merr.obj
 0003:00000004       ___globallocalestatus      00408004     MSVCRTD:xthdloc.obj
 0003:00000008       ___native_dllmain_reason   00408008     MSVCRTD:natstart.obj
 0003:0000000c       ___security_cookie         0040800c     MSVCRTD:gs_cookie.obj
 0003:00000010       ___security_cookie_complement 00408010     MSVCRTD:gs_cookie.obj
 0003:00000014       ?_RTC_ErrorLevels@@3PAHA   00408014     MSVCRTD:error.obj
 0003:0000015c       __commode                  0040815c     MSVCRTD:xncommod.obj
 0003:00000160       __dowildcard               00408160     MSVCRTD:wildcard.obj
 0003:00000164       __newmode                  00408164     MSVCRTD:_newmode.obj
 0003:00000168       __fmode                    00408168     MSVCRTD:xtxtmode.obj
 0003:0000016c       ?wsprintffp@@3P6AHPADPBDZZA 0040816c     MSVCRTD:error.obj
 0003:00000498       _task_intmask              00408498     <common>
 0003:000004a4       ___native_startup_lock     004084a4     <common>
 0003:000004b4       ___native_startup_state    004084b4     <common>
 0003:000004b8       ___onexitend               004084b8     <common>
 0003:000004c8       ___onexitbegin             004084c8     <common>
 0003:000004cc       ___dyn_tls_init_callback   004084cc     <common>
 0004:00000000       __imp__GetModuleHandleW@4  00409000     kernel32:KERNEL32.dll
 0004:00000004       __imp__GetModuleFileNameW@12 00409004     kernel32:KERNEL32.dll
 0004:00000008       __imp__FreeLibrary@4       00409008     kernel32:KERNEL32.dll
 0004:0000000c       __imp__VirtualQuery@12     0040900c     kernel32:KERNEL32.dll
 0004:00000010       __imp__GetProcessHeap@0    00409010     kernel32:KERNEL32.dll
 0004:00000014       __imp__HeapFree@12         00409014     kernel32:KERNEL32.dll
 0004:00000018       __imp__HeapAlloc@12        00409018     kernel32:KERNEL32.dll
 0004:0000001c       __imp__WideCharToMultiByte@32 0040901c     kernel32:KERNEL32.dll
 0004:00000020       __imp__MultiByteToWideChar@24 00409020     kernel32:KERNEL32.dll
 0004:00000024       __imp__LoadLibraryExW@12   00409024     kernel32:KERNEL32.dll
 0004:00000028       __imp__GetProcAddress@8    00409028     kernel32:KERNEL32.dll
 0004:0000002c       __imp__GetLastError@0      0040902c     kernel32:KERNEL32.dll
 0004:00000030       __imp__RaiseException@16   00409030     kernel32:KERNEL32.dll
 0004:00000034       __imp__IsDebuggerPresent@0 00409034     kernel32:KERNEL32.dll
 0004:00000038       __imp__DecodePointer@4     00409038     kernel32:KERNEL32.dll
 0004:0000003c       __imp__GetSystemTimeAsFileTime@4 0040903c     kernel32:KERNEL32.dll
 0004:00000040       __imp__GetCurrentThreadId@0 00409040     kernel32:KERNEL32.dll
 0004:00000044       __imp__GetCurrentProcessId@0 00409044     kernel32:KERNEL32.dll
 0004:00000048       __imp__QueryPerformanceCounter@4 00409048     kernel32:KERNEL32.dll
 0004:0000004c       __imp__EncodePointer@4     0040904c     kernel32:KERNEL32.dll
 0004:00000050       __imp__IsProcessorFeaturePresent@4 00409050     kernel32:KERNEL32.dll
 0004:00000054       \177KERNEL32_NULL_THUNK_DATA 00409054     kernel32:KERNEL32.dll
 0004:00000090       __imp____dllonexit         00409090     MSVCRTD:MSVCR120D.dll
 0004:00000094       __imp___onexit             00409094     MSVCRTD:MSVCR120D.dll
 0004:00000098       __imp___invoke_watson      00409098     MSVCRTD:MSVCR120D.dll
 0004:0000009c       __imp___controlfp_s        0040909c     MSVCRTD:MSVCR120D.dll
 0004:000000a0       __imp___except_handler4_common 004090a0     MSVCRTD:MSVCR120D.dll
 0004:000000a4       __imp___calloc_dbg         004090a4     MSVCRTD:MSVCR120D.dll
 0004:000000a8       __imp__wcscpy_s            004090a8     MSVCRTD:MSVCR120D.dll
 0004:000000ac       __imp___wmakepath_s        004090ac     MSVCRTD:MSVCR120D.dll
 0004:000000b0       __imp___wsplitpath_s       004090b0     MSVCRTD:MSVCR120D.dll
 0004:000000b4       __imp___crt_debugger_hook  004090b4     MSVCRTD:MSVCR120D.dll
 0004:000000b8       __imp____crtUnhandledException 004090b8     MSVCRTD:MSVCR120D.dll
 0004:000000bc       __imp____crtTerminateProcess 004090bc     MSVCRTD:MSVCR120D.dll
 0004:000000c0       __imp___unlock             004090c0     MSVCRTD:MSVCR120D.dll
 0004:000000c4       __imp___lock               004090c4     MSVCRTD:MSVCR120D.dll
 0004:000000c8       __imp____crtSetUnhandledExceptionFilter 004090c8     MSVCRTD:MSVCR120D.dll
 0004:000000cc       __imp_?terminate@@YAXXZ    004090cc     MSVCRTD:MSVCR120D.dll
 0004:000000d0       __imp___commode            004090d0     MSVCRTD:MSVCR120D.dll
 0004:000000d4       __imp___fmode              004090d4     MSVCRTD:MSVCR120D.dll
 0004:000000d8       __imp____initenv           004090d8     MSVCRTD:MSVCR120D.dll
 0004:000000dc       __imp___initterm           004090dc     MSVCRTD:MSVCR120D.dll
 0004:000000e0       __imp___initterm_e         004090e0     MSVCRTD:MSVCR120D.dll
 0004:000000e4       __imp____setusermatherr    004090e4     MSVCRTD:MSVCR120D.dll
 0004:000000e8       __imp___configthreadlocale 004090e8     MSVCRTD:MSVCR120D.dll
 0004:000000ec       __imp___cexit              004090ec     MSVCRTD:MSVCR120D.dll
 0004:000000f0       __imp___exit               004090f0     MSVCRTD:MSVCR120D.dll
 0004:000000f4       __imp__exit                004090f4     MSVCRTD:MSVCR120D.dll
 0004:000000f8       __imp___CrtSetCheckCount   004090f8     MSVCRTD:MSVCR120D.dll
 0004:000000fc       __imp___CrtDbgReportW      004090fc     MSVCRTD:MSVCR120D.dll
 0004:00000100       __imp____set_app_type      00409100     MSVCRTD:MSVCR120D.dll
 0004:00000104       __imp____getmainargs       00409104     MSVCRTD:MSVCR120D.dll
 0004:00000108       __imp___amsg_exit          00409108     MSVCRTD:MSVCR120D.dll
 0004:0000010c       __imp___XcptFilter         0040910c     MSVCRTD:MSVCR120D.dll
 0004:00000110       __imp___CRT_RTC_INITW      00409110     MSVCRTD:MSVCR120D.dll
 0004:00000114       \177MSVCR120D_NULL_THUNK_DATA 00409114     MSVCRTD:MSVCR120D.dll
 0004:00000158       __IMPORT_DESCRIPTOR_MSVCR120D 00409158     MSVCRTD:MSVCR120D.dll
 0004:0000016c       __IMPORT_DESCRIPTOR_KERNEL32 0040916c     kernel32:KERNEL32.dll
 0004:00000180       __NULL_IMPORT_DESCRIPTOR   00409180     MSVCRTD:MSVCR120D.dll

 entry point at        0001:000004e0

